[www.npmjs.com/index.html]
[backblue.gif]
[fade.gif]
[index.html]
[static.npmjs.com/styles.256e02682fe9329974db.css]
[static.npmjs.com/338e4905a2684ca96e08c7780fc68412.png]
[static.npmjs.com/7a7ffabbd910fc60161bc04f2cee4160.png]
[static.npmjs.com/58a19602036db1daee0d7863c94673a4.png]
[static.npmjs.com/34110fd7686e2c90a487ca98e7336e99.png]
[static.npmjs.com/3dc95981de4241b35cd55fe126ab6b2c.png]
[static.npmjs.com/b0f1a8318363185cc2ea6a40ac23eeb2.png]
[static.npmjs.com/1996fcfdf7ca81ea795f67f093d7f449.png]
[static.npmjs.com/f1786e9b7cba9753ca7b9c40e8b98f67.png]
[static.npmjs.com/5f6e93af5bf0f5dcdd1eecdac99f51ee.png]
[static.npmjs.com/c426a1116301d1fd178c51522484127a.png]
[static.npmjs.com/da3ab40fb0861d15c83854c29f5f2962.png]
[www.googletagmanager.com/gtmf756.js]
[js.hs-scripts.com/5326678.js]
[www.npmjs.com/products.html]
[www.npmjs.com/products/pro.html]
[www.npmjs.com/products/teams.html]
[www.npmjs.com/products/enterprise.html]
[www.npmjs.com/signup.html]
[www.npmjs.com/login.html]
[static.npmjs.com/attachments/ck3uweazy72ye8874y9kkxnx1-gak.png]
[static.npmjs.com/attachments/ck3uwe3pf72xu8874etabgd42-free.png]
[static.npmjs.com/attachments/ck3uwfqaa730f88742ka723na-pro.png]
[static.npmjs.com/attachments/ck3uwfyy3mr8vc974k2kjnoyt-teams.png]
[static.npmjs.com/attachments/ck3uwdz2272xb8874zxys9s9r-enterprise.png]
[static.npmjs.com/attachments/ck3uwfu50730r8874b7ah6by4-secure-js.png]
[static.npmjs.com/attachments/ck49cu3ceh1sust74dkzkfn69-grey-logowall.png]
[static.npmjs.com/attachments/ck3uwvv67mydydr74ea00ip4j-bg-stripes.png]
[static.npmjs.com/attachments/ck3uwg3a8731988744oecrjxu-weloveopensource-bg-800-2x.png]
[www.npmjs.com/advisories.html]
[www.npmjs.com/support.html]
[www.npmjs.com/about.html]
[www.npmjs.com/events.html]
[www.npmjs.com/press.html]
[www.npmjs.com/npm-weekly.html]
[www.npmjs.com/policies/terms.html]
[www.npmjs.com/policies/conduct.html]
[www.npmjs.com/package/minicssextractbug.a5806130b76245a22a27.js]
[static.npmjs.com/commons.5ad9e39f14821d8f2c43.js]
[static.npmjs.com/minicssextractbug.a5806130b76245a22a27.js]
[www.npmjs.com/index.html]
[static.npmjs.com/flatpage/flatpage.af92dcc30fbe240a464b.js]
[static.npmjs.com/c07230a8959706cf638a847c59a2ab2b.svg]
[static.npmjs.com/ca1922cf6824a157752008094d1e9627.svg]
[static.npmjs.com/57b6941f444dfaaa86fe6eb2a8241130.svg]
[static.npmjs.com/77a1975e9c223b408cb31330b6a965df.svg]
[static.npmjs.com/bc0fd45a2d3dc8827bc30618ae03cd62.svg]
[static.npmjs.com/styles.256e02682fe9329974db.css]
[static.npmjs.com/ef003d67b66448a3893b31d95283fe4c.svg]
[static.npmjs.com/attachments/ck3uwg119mt16dr740oqtw1be-wombat-header-pro.png]
[static.npmjs.com/attachments/ck3uwg1fkmr9tc97498op7ljg-wombat-header-teams.png]
[www.npmjs.com/login673e.html]
[static.npmjs.com/attachments/ck3uwdp9emssldr745565esyo-checkmark.png]
[static.npmjs.com/attachments/ck3uxepk1n4ybdr74ylkvishm-bg-pricing.png]
[static.npmjs.com/attachments/ck3uxgytmn40dc974chlv59ll-bg-specialbundle.png]
[www.npmjs.com/products.html]
[static.npmjs.com/attachments/ck3uweg8qmsoz9y74txzjbvsf-gak-left.png]
[static.npmjs.com/attachments/ck3uwemeymsvndr7415dj4nbf-gak-right.png]
[static.npmjs.com/attachments/ck3uwf52nmst29y749vru59k3-icon-pro-wombat-2x.png]
[static.npmjs.com/attachments/ck3uwfr5emsypdr74d9l6s5or-public-packages.png]
[static.npmjs.com/attachments/ck3uwfnm573088874dn0juj5t-private-packages.png]
[static.npmjs.com/attachments/ck3uwfhc572zu88746jmlkirv-package-based-permissions.png]
[static.npmjs.com/attachments/ck3uwg04jmswh9y74n3cgcj4k-teams-wombats.full.png]
[www.npmjs.com/loginbb65.html]
[static.npmjs.com/attachments/ck3uwdsg8mstodr74z4lcdmy0-bg-pro.png]
[static.npmjs.com/attachments/ck3uwdslwmr4gc9740vqxa800-bg-teams.png]
[www.npmjs.com/products/minicssextractbug.a5806130b76245a22a27.js]
[www.npmjs.com/products/pro.html]
[static.npmjs.com/attachments/ck3uwf8dh72zi8874uuwdveqy-icon-teams-wombat-2x.png]
[www.npmjs.com/products/teams.html]
[static.npmjs.com/assets/ck4dakfc400013c74d9ajc8sd/apos-minified/anon-ck4dakfc400013c74d9ajc8sd.css]
[static.npmjs.com/attachments/cjy7ggp4m022jfy740fvnjb1z-gak-bg.max.jpg]
[static.npmjs.com/attachments/cjy7ggkte002pcw74ipmhpqml-gak1.max.png]
[static.npmjs.com/attachments/cjy7ggi9p021bfy74v7pz5ccc-gak2.max.png]
[static.npmjs.com/attachments/cjy7ggkm5024ieh744uv725id-public-private-registry.max.png]
[static.npmjs.com/attachments/cjy7gh5p6022sfy74rntj0fze-enterprise-workflow-mobile.max.png]
[static.npmjs.com/attachments/cjy7ggbzd01xbhh74vdsvczs8-enterprise-workflow-desktop.max.png]
[static.npmjs.com/attachments/cjy7ggchh0237eh74m9znpj4r-gak-in-the-box.max.png]
[static.npmjs.com/attachments/cjy7ggkpn002ocw74m8esdfcd-security-and-compliance-desktop.max.png]
[static.npmjs.com/attachments/cjy7ggnyx01yghh74qni2dp33-insight-desktop.max.png]
[static.npmjs.com/attachments/cjy7ggkgb024geh74fkkxgguk-collab-desktop.max.png]
[static.npmjs.com/attachments/cjy7ggby6020cfy743unnymmr-npm-ahmad-nasri.max.png]
[www.npmjs.com/products/enterprise.html]
[www.npmjs.com/signup/common-passwords.html]
[www.npmjs.com/policies/privacy.html]
[www.npmjs.com/signup.html]
[static.npmjs.com/auth/signup.68cfa4d0bfdc739e80af.js]
[static.npmjs.com/97ce287600f35d9d5f2ed500630bb0ad.png]
[static.npmjs.com/a39ceb9e9ad640f4de8eee094063d890.png]
[static.npmjs.com/ecc2a793db0bd5966246e970f9c9ff5e.png]
[static.npmjs.com/6bf09f9948c3044dbb2c7ed8b85098dc.png]
[static.npmjs.com/c9e19250d48d66f0e9c70c9b3991bbdb.png]
[www.npmjs.com/forgot.html]
[www.npmjs.com/login.html]
[static.npmjs.com/auth/login.e68147826af84a4146fd.js]
[www.npmjs.com/resources/index.html]
[www.npmjs.com/resources.html]
[www.npmjs.com/advisories2639.html]
[www.npmjs.com/advisoriesbeb0.html]
[www.npmjs.com/advisories9464.html]
[www.npmjs.com/advisoriescaf3.html]
[www.npmjs.com/advisories/1484.html]
[www.npmjs.com/advisories/1483.html]
[www.npmjs.com/advisories/1482.html]
[www.npmjs.com/advisories/1481.html]
[www.npmjs.com/advisories/1480.html]
[www.npmjs.com/advisories/1479.html]
[www.npmjs.com/advisories/1478.html]
[www.npmjs.com/advisories/1477.html]
[www.npmjs.com/advisories/1476.html]
[www.npmjs.com/advisories/1475.html]
[www.npmjs.com/advisories/1474.html]
[www.npmjs.com/advisories/1473.html]
[www.npmjs.com/advisories/1472.html]
[www.npmjs.com/advisories/1471.html]
[www.npmjs.com/advisories/1470.html]
[www.npmjs.com/advisories/1469.html]
[www.npmjs.com/advisories/1468.html]
[www.npmjs.com/advisories/1467.html]
[www.npmjs.com/advisories/1464.html]
[www.npmjs.com/advisories/1463.html]
[www.npmjs.com/advisories.html]
[static.npmjs.com/advisories/list.b1f2cc72bd843231361f.js]
[www.npmjs.com/cdn-cgi/l/email-protection.html]
[www.npmjs.com/loginbeb7.html]
[www.npmjs.com/policies/security.html]
[www.npmjs.com/cdn-cgi/scripts/5c5dd728/cloudflare-static/email-decode.min.js]
[www.npmjs.com/support.html]
[static.npmjs.com/contact/contact.71b66c93031ae46a8ec7.js]
[www.npmjs.com/about.html]
[www.npmjs.com/{}]
[www.npmjs.com/events.html]
[www.npmjs.com/press.html]
[s3.amazonaws.com/downloads.mailchimp.com/js/mc-validate.js]
[www.npmjs.com/npm-weekly.html]
[www.npmjs.com/policies/index.html]
[www.npmjs.com/policies.html]
[www.npmjs.com/policies/{}]
[www.npmjs.com/policies/open-source-terms.html]
[www.npmjs.com/policies/dmca.html]
[www.npmjs.com/policies/disputes.html]
[www.npmjs.com/policies/trademark.html]
[www.npmjs.com/policies/private-terms.html]
[www.npmjs.com/policies/solo-plan.html]
[www.npmjs.com/policies/orgs-plan.html]
[www.npmjs.com/policies/minicssextractbug.a5806130b76245a22a27.js]
[www.npmjs.com/policies/terms.html]
[www.npmjs.com/policies/conduct.html]
[www.npmjs.com/package/minicssextractbug.a5806130b76245a22a27.html]
[static.npmjs.com/c07230a8959706cf638a847c59a2ab2b.svg]
[static.npmjs.com/ca1922cf6824a157752008094d1e9627.svg]
[static.npmjs.com/57b6941f444dfaaa86fe6eb2a8241130.svg]
[static.npmjs.com/77a1975e9c223b408cb31330b6a965df.svg]
[static.npmjs.com/bc0fd45a2d3dc8827bc30618ae03cd62.svg]
[static.npmjs.com/ef003d67b66448a3893b31d95283fe4c.svg]
[www.npmjs.com/login673e.html]
[www.npmjs.com/signupb20f.html]
[www.npmjs.com/loginbb65.html]
[www.npmjs.com/products/minicssextractbug.a5806130b76245a22a27.html]
[static.npmjs.com/assets/ck4dakfc400013c74d9ajc8sd/apos-minified/anon-ck4dakfc400013c74d9ajc8sd.css]
[www.npmjs.com/signupfe8a.html]
[www.npmjs.com/signup/minicssextractbug.a5806130b76245a22a27.js]
[www.npmjs.com/signup/common-passwords.html]
[static.npmjs.com/auth/common-passwords.399d78f3e26a8d6613d9.js]
[www.npmjs.com/package/npm.html]
[www.npmjs.com/package/npx.html]
[www.npmjs.com/products/orgs.html]
[www.npmjs.com/_kemitchell.html]
[www.npmjs.com/policies/unpublish.html]
[www.npmjs.com/policies/privacy.html]
[www.npmjs.com/forgot.html]
[static.npmjs.com/auth/forgot.59a8ee8d0881ed753f25.js]
[www.npmjs.com/npm/state-of-javascript-frameworks-2017-part-1.html]
[static.npmjs.com/attachments/cjsdtion300l6ph74v5gm4y6p-reports.full.png]
[static.npm.red/attachments/cjsdnywkj003fp3behygxpbj6-npm-future-js.full.png]
[static.npmjs.com/attachments/cjsdtiopg1uppu674nrxg9583-open-source.full.png]
[static.npmjs.com/attachments/cjsdtiork1uv0r174s9evdnvb-security.full.html]
[www.npmjs.com/resources.html]
[www.npmjs.com/advisories2639.html]
[www.npmjs.com/advisoriesbeb0.html]
[www.npmjs.com/advisories9464.html]
[www.npmjs.com/advisoriescaf3.html]
[www.npmjs.com/advisories/1484.html]
[www.npmjs.com/advisories/1483.html]
[www.npmjs.com/advisories/1482.html]
[www.npmjs.com/advisories/1481.html]
[www.npmjs.com/advisories/1480.html]
[www.npmjs.com/advisories/1479.html]
[www.npmjs.com/advisories/1478.html]
[www.npmjs.com/advisories/1477.html]
[www.npmjs.com/advisories/1476.html]
[www.npmjs.com/advisories/1475.html]
[www.npmjs.com/advisories/1474.html]
[www.npmjs.com/advisories/1473.html]
[www.npmjs.com/advisories/1472.html]
[www.npmjs.com/advisories/1471.html]
[www.npmjs.com/advisories/1470.html]
[www.npmjs.com/advisories/1469.html]
[www.npmjs.com/advisories/1468.html]
[www.npmjs.com/advisories/1467.html]
[www.npmjs.com/advisories/1464.html]
[www.npmjs.com/advisories/1463.html]
[www.npmjs.com/cdn-cgi/l/email-protection.html]
[www.npmjs.com/loginbeb7.html]
[www.npmjs.com/policies/security.html]
[www.npmjs.com/{}.html]
[www.npmjs.com/policies.html]
[www.npmjs.com/policies/{}.html]
[www.npmjs.com/policies/open-source-terms.html]
[www.npmjs.com/policies/dmca.html]
[www.npmjs.com/policies/disputes.html]
[www.npmjs.com/policies/trademark.html]
[www.npmjs.com/policies/private-terms.html]
[www.npmjs.com/policies/solo-plan.html]
[www.npmjs.com/policies/orgs-plan.html]
[www.npmjs.com/policies/minicssextractbug.a5806130b76245a22a27.html]
[www.npmjs.com/signupb20f.html]
[www.npmjs.com/signupfe8a.html]
[www.npmjs.com/signup/minicssextractbug.a5806130b76245a22a27.html]
[www.npmjs.com/package/npm.html]
[www.npmjs.com/package/npx.html]
[www.npmjs.com/products/orgs.html]
[www.npmjs.com/_kemitchell.html]
[www.npmjs.com/policies/unpublish.html]
[www.npmjs.com/npm/state-of-javascript-frameworks-2017-part-1.html]
